// Jest Snapshot v1, https://goo.gl/fbAQLP

exports[`<ArticleTile /> renders the component 1`] = `
<View
  style={
    Object {
      "alignItems": "center",
      "flex": 1,
      "flexDirection": "row",
      "justifyContent": "center",
      "padding": 10,
    }
  }
>
  <ProgressiveImage
    resizeMode="contain"
    source={
      Object {
        "uri": "https://static01.nyt.com/images/2019/07/27/world/Brazil-Indigenous/Brazil-Indigenous-square320.jpg",
      }
    }
    style={
      Object {
        "borderRadius": 50,
        "height": 65,
        "paddingRight": 20,
        "width": 65,
      }
    }
    thumbnailSource={
      Object {
        "testUri": "../../../images/dummy-image.png",
      }
    }
  />
  <View
    style={
      Object {
        "color": "#5b5e61",
        "fontSize": 10,
        "paddingBottom": "10%",
        "paddingLeft": 5,
        "paddingTop": "10%",
        "width": "70%",
      }
    }
  >
    <View
      style={
        Object {
          "flexDirection": "column",
          "padding": 2,
          "width": "100%",
        }
      }
    >
      <Text
        numberOfLines={2}
        style={
          Object {
            "color": "#383838",
            "fontSize": 14,
            "fontWeight": "bold",
            "paddingBottom": 5,
            "paddingTop": 5,
          }
        }
      >
        Miners Kill Indigenous Leader in Brazil During Invasion of Protected Land
      </Text>
      <Text
        numberOfLines={2}
        style={
          Object {
            "color": "#5b5e61",
            "fontSize": 12,
            "paddingBottom": 5,
            "paddingTop": 5,
          }
        }
      >
        Land invasions in indigenous territories are on the rise across Brazil. Indigenous leaders say they regularly come under threat by miners, loggers and farmers
      </Text>
    </View>
    <View
      style={
        Object {
          "flexDirection": "row",
          "width": "100%",
        }
      }
    >
      <View
        style={
          Object {
            "alignItems": "flex-start",
            "flexWrap": "wrap",
            "justifyContent": "center",
            "padding": 2,
            "width": "50%",
          }
        }
      >
        <Text
          numberOfLines={2}
          style={
            Object {
              "color": "#5b5e61",
              "fontSize": 10,
            }
          }
        >
          By ERNESTO LONDOÃ‘O
        </Text>
      </View>
      <View
        style={
          Object {
            "alignContent": "center",
            "flexDirection": "row",
            "justifyContent": "flex-end",
            "padding": 2,
            "paddingLeft": 20,
            "width": "50%",
          }
        }
      >
        <View
          style={
            Object {
              "alignContent": "center",
              "paddingBottom": "10%",
              "paddingTop": "10%",
              "width": "30%",
            }
          }
        >
          <Themed.Icon
            color="#5b5e61"
            name="calendar"
            size={14}
            type="font-awesome"
          />
        </View>
        <Text
          style={
            Object {
              "color": "#5b5e61",
              "fontSize": 10,
              "paddingBottom": "10%",
              "paddingTop": "10%",
              "width": "70%",
            }
          }
        >
          2019-07-27
        </Text>
      </View>
    </View>
  </View>
  <View
    style={
      Object {
        "paddingLeft": 20,
      }
    }
  >
    <Themed.Icon
      color="#5b5e61"
      name="chevron-right"
      size={16}
      type="font-awesome"
    />
  </View>
</View>
`;
