// Jest Snapshot v1, https://goo.gl/fbAQLP

exports[`<MenuPopup /> renders the component 1`] = `
<MenuPopup
  navigation={
    Object {
      "getParam": [Function],
      "navigate": [MockFunction],
    }
  }
  showPopUpMenu={false}
  store={
    Object {
      "clearActions": [Function],
      "dispatch": [Function],
      "getActions": [Function],
      "getState": [Function],
      "replaceReducer": [Function],
      "subscribe": [Function],
    }
  }
  togglePopup={[Function]}
/>
`;
