// Jest Snapshot v1, https://goo.gl/fbAQLP

exports[`<ProgressiveImage /> renders the component 1`] = `
<View
  style={
    Object {
      "backgroundColor": "#ededed",
      "borderRadius": 50,
      "height": 65,
      "paddingRight": 20,
      "width": 65,
    }
  }
>
  <AnimatedComponent
    blurRadius={1}
    onLoad={[Function]}
    source={
      Object {
        "testUri": "../../../images/dummy-image.png",
      }
    }
    store={
      Object {
        "clearActions": [Function],
        "dispatch": [Function],
        "getActions": [Function],
        "getState": [Function],
        "replaceReducer": [Function],
        "subscribe": [Function],
      }
    }
    style={
      Array [
        undefined,
        Object {
          "opacity": 0,
        },
      ]
    }
  />
  <AnimatedComponent
    onLoad={[Function]}
    source="https://tinyurl.com/y4lvzurm"
    store={
      Object {
        "clearActions": [Function],
        "dispatch": [Function],
        "getActions": [Function],
        "getState": [Function],
        "replaceReducer": [Function],
        "subscribe": [Function],
      }
    }
    style={
      Array [
        Object {
          "bottom": 0,
          "left": 0,
          "position": "absolute",
          "right": 0,
          "top": 0,
        },
        Object {
          "opacity": 0,
        },
        undefined,
      ]
    }
  />
</View>
`;
